// Jest Snapshot v1, https://goo.gl/fbAQLP

exports[`Button component snapshot matches snapshot 1`] = `
<DocumentFragment>
  <button>
    Click me
  </button>
</DocumentFragment>
`;
