// Jest Snapshot v1, https://goo.gl/fbAQLP

exports[`Button component snapshot matches snapshot 1`] = `
<DocumentFragment>
  <button>
    Toggle Theme
    <span>
      (light)
    </span>
  </button>
</DocumentFragment>
`;
