// Jest Snapshot v1, https://goo.gl/fbAQLP

exports[`Footer component snapshot matches snapshot 1`] = `
<DocumentFragment>
  <div
    class="bg-primary text-white"
  >
    <div
      class="container mx-auto pt-10 pb-10 px-4"
    >
      <footer>
        © Главный одобряет
      </footer>
    </div>
  </div>
</DocumentFragment>
`;
